  Determining projects to restore...
  All projects are up-to-date for restore.
E:\Benja\source\repos\Sistema-Experto-ONG-Juventud-Sin-Limites\Program.cs(211,9): warning CS8604: Possible null reference argument for parameter 'RowVersion' in 'AlertaDto.AlertaDto(int AlertaId, string Mensaje, byte Severidad, byte Estado, DateTime GeneradaEn, int ReglaId, int? ProgramaId, int? ActividadId, int? ParticipanteId, byte[] RowVersion)'. [E:\Benja\source\repos\Sistema-Experto-ONG-Juventud-Sin-Limites\Sistema-Experto-ONG-Juventud-Sin-Limites.csproj]
E:\Benja\source\repos\Sistema-Experto-ONG-Juventud-Sin-Limites\Program.cs(295,16): warning CS8604: Possible null reference argument for parameter 'RowVersion' in 'AlertaDto.AlertaDto(int AlertaId, string Mensaje, byte Severidad, byte Estado, DateTime GeneradaEn, int ReglaId, int? ProgramaId, int? ActividadId, int? ParticipanteId, byte[] RowVersion)'. [E:\Benja\source\repos\Sistema-Experto-ONG-Juventud-Sin-Limites\Sistema-Experto-ONG-Juventud-Sin-Limites.csproj]
E:\Benja\source\repos\Sistema-Experto-ONG-Juventud-Sin-Limites\Components\Pages\Admin\Usuarios.razor(364,11): warning CS8602: Dereference of a possibly null reference. [E:\Benja\source\repos\Sistema-Experto-ONG-Juventud-Sin-Limites\Sistema-Experto-ONG-Juventud-Sin-Limites.csproj]
E:\Benja\source\repos\Sistema-Experto-ONG-Juventud-Sin-Limites\Components\Account\Pages\Manage\ExternalLogins.razor(145,90): warning CS8604: Possible null reference argument for parameter 'context' in 'void IdentityRedirectManager.RedirectToCurrentPageWithStatus(string message, HttpContext context)'. [E:\Benja\source\repos\Sistema-Experto-ONG-Juventud-Sin-Limites\Sistema-Experto-ONG-Juventud-Sin-Limites.csproj]
E:\Benja\source\repos\Sistema-Experto-ONG-Juventud-Sin-Limites\Components\Pages\Admin\MotorInferenciaPage.razor(377,17): warning CS8604: Possible null reference argument for parameter 'RowVersion' in 'AlertaDto.AlertaDto(int AlertaId, string Mensaje, byte Severidad, byte Estado, DateTime GeneradaEn, int ReglaId, int? ProgramaId, int? ActividadId, int? ParticipanteId, byte[] RowVersion)'. [E:\Benja\source\repos\Sistema-Experto-ONG-Juventud-Sin-Limites\Sistema-Experto-ONG-Juventud-Sin-Limites.csproj]
E:\Benja\source\repos\Sistema-Experto-ONG-Juventud-Sin-Limites\Components\Pages\Admin\MotorInferenciaPage.razor(489,49): error CS7036: There is no argument given that corresponds to the required parameter 'ct' of 'IMotorInferencia.EjecutarAsync(DateOnly, int?, bool, CancellationToken)' [E:\Benja\source\repos\Sistema-Experto-ONG-Juventud-Sin-Limites\Sistema-Experto-ONG-Juventud-Sin-Limites.csproj]
E:\Benja\source\repos\Sistema-Experto-ONG-Juventud-Sin-Limites\Components\Pages\Programa\AlertasTab.razor(187,94): warning CS8604: Possible null reference argument for parameter 'rowVersion' in 'Task AlertasTab.CambiarEstadoAlerta(int alertaId, EstadoAlerta nuevoEstado, byte[] rowVersion)'. [E:\Benja\source\repos\Sistema-Experto-ONG-Juventud-Sin-Limites\Sistema-Experto-ONG-Juventud-Sin-Limites.csproj]
E:\Benja\source\repos\Sistema-Experto-ONG-Juventud-Sin-Limites\Components\Pages\Programa\AlertasTab.razor(192,94): warning CS8604: Possible null reference argument for parameter 'rowVersion' in 'Task AlertasTab.CambiarEstadoAlerta(int alertaId, EstadoAlerta nuevoEstado, byte[] rowVersion)'. [E:\Benja\source\repos\Sistema-Experto-ONG-Juventud-Sin-Limites\Sistema-Experto-ONG-Juventud-Sin-Limites.csproj]
E:\Benja\source\repos\Sistema-Experto-ONG-Juventud-Sin-Limites\Components\Pages\Programa\AlertasTab.razor(235,93): warning CS8604: Possible null reference argument for parameter 'rowVersion' in 'Task AlertasTab.CambiarEstadoAlerta(int alertaId, EstadoAlerta nuevoEstado, byte[] rowVersion)'. [E:\Benja\source\repos\Sistema-Experto-ONG-Juventud-Sin-Limites\Sistema-Experto-ONG-Juventud-Sin-Limites.csproj]
E:\Benja\source\repos\Sistema-Experto-ONG-Juventud-Sin-Limites\Components\Pages\Programa\AlertasTab.razor(240,96): warning CS8604: Possible null reference argument for parameter 'rowVersion' in 'Task AlertasTab.CambiarEstadoAlerta(int alertaId, EstadoAlerta nuevoEstado, byte[] rowVersion)'. [E:\Benja\source\repos\Sistema-Experto-ONG-Juventud-Sin-Limites\Sistema-Experto-ONG-Juventud-Sin-Limites.csproj]
E:\Benja\source\repos\Sistema-Experto-ONG-Juventud-Sin-Limites\Components\Pages\Programa\AlertasTab.razor(297,33): warning CS8602: Dereference of a possibly null reference. [E:\Benja\source\repos\Sistema-Experto-ONG-Juventud-Sin-Limites\Sistema-Experto-ONG-Juventud-Sin-Limites.csproj]
E:\Benja\source\repos\Sistema-Experto-ONG-Juventud-Sin-Limites\Components\Pages\Programa\TomarAsistencia.razor(1,1): warning MUD0002: Illegal Attribute 'Dense' on 'MudTextField' using pattern 'LowerCase' source location '(1854,8)-(1854,64)' (https://mudblazor.com/features/analyzers) [E:\Benja\source\repos\Sistema-Experto-ONG-Juventud-Sin-Limites\Sistema-Experto-ONG-Juventud-Sin-Limites.csproj]
E:\Benja\source\repos\Sistema-Experto-ONG-Juventud-Sin-Limites\Components\Pages\Programa\EvidenciasActividad.razor(1,1): warning MUD0002: Illegal Attribute 'IsVisible' on 'MudDialog' using pattern 'LowerCase' source location '(1373,12)-(1381,13)' (https://mudblazor.com/features/analyzers) [E:\Benja\source\repos\Sistema-Experto-ONG-Juventud-Sin-Limites\Sistema-Experto-ONG-Juventud-Sin-Limites.csproj]
E:\Benja\source\repos\Sistema-Experto-ONG-Juventud-Sin-Limites\Components\Pages\Programa\EvidenciasActividad.razor(1,1): warning MUD0002: Illegal Attribute 'IsVisibleChanged' on 'MudDialog' using pattern 'LowerCase' source location '(1382,12)-(1382,240)' (https://mudblazor.com/features/analyzers) [E:\Benja\source\repos\Sistema-Experto-ONG-Juventud-Sin-Limites\Sistema-Experto-ONG-Juventud-Sin-Limites.csproj]
E:\Benja\source\repos\Sistema-Experto-ONG-Juventud-Sin-Limites\Components\Pages\ProgramaAcademia.razor(1,1): warning MUD0002: Illegal Attribute 'Title' on 'MudIconButton' using pattern 'LowerCase' source location '(3538,40)-(3538,106)' (https://mudblazor.com/features/analyzers) [E:\Benja\source\repos\Sistema-Experto-ONG-Juventud-Sin-Limites\Sistema-Experto-ONG-Juventud-Sin-Limites.csproj]
